2026-08-12 19:36:01,774 [INFO] scraper.supplementary: GET https://www.rbi.org.in/Scripts/FAQView.aspx attempt=1
2026-08-12 19:36:02,008 [INFO] scraper.supplementary: Discovered 91 links for faq
2026-08-12 19:36:03,508 [INFO] scraper.supplementary: GET https://www.rbi.org.in/scripts/ReportingFAQ.aspx attempt=1
2026-08-12 19:36:05,195 [INFO] scraper.supplementary: GET https://www.rbi.org.in/Scripts/FAQDisplay.aspx?dId=47954 attempt=1
2026-08-12 19:36:07,048 [INFO] scraper.supplementary: GET https://www.rbi.org.in/Scripts/FAQDisplay.aspx?dId=47955 attempt=1
2026-08-12 19:36:08,807 [INFO] scraper.supplementary: GET https://www.rbi.org.in/Scripts/FAQDisplay.aspx?dId=47956 attempt=1
2026-08-12 19:36:10,717 [INFO] scraper.supplementary: GET https://www.rbi.org.in/Scripts/FAQDisplay.aspx?dId=47958 attempt=1
2026-08-12 19:36:12,449 [INFO] scraper.supplementary: GET https://www.rbi.org.in/Scripts/FAQDisplay.aspx?dId=47959 attempt=1
2026-08-12 19:36:15,291 [INFO] scraper.supplementary: GET https://www.rbi.org.in/Scripts/FAQDisplay.aspx?dId=47960 attempt=1
2026-08-12 19:36:17,068 [INFO] scraper.supplementary: GET https://www.rbi.org.in/Scripts/FAQDisplay.aspx?dId=47961 attempt=1
2026-08-12 19:36:18,801 [INFO] scraper.supplementary: GET https://www.rbi.org.in/Scripts/FAQDisplay.aspx?dId=47962 attempt=1
2026-08-12 19:36:20,512 [INFO] scraper.supplementary: GET https://www.rbi.org.in/Scripts/FAQDisplay.aspx?dId=47963 attempt=1
2026-08-12 19:36:22,251 [INFO] scraper.supplementary: GET https://www.rbi.org.in/Scripts/FAQDisplay.aspx?dId=47964 attempt=1
2026-08-12 19:36:24,030 [INFO] scraper.supplementary: GET https://www.rbi.org.in/Scripts/FAQView.aspx?Id=145 attempt=1
2026-08-12 19:36:25,881 [INFO] scraper.supplementary: GET https://www.rbi.org.in/Scripts/FAQView.aspx?Id=61 attempt=1
2026-08-12 19:36:27,791 [INFO] scraper.supplementary: GET https://www.rbi.org.in/Scripts/FAQView.aspx?Id=79 attempt=1
2026-08-12 19:36:29,869 [INFO] scraper.supplementary: GET https://www.rbi.org.in/Scripts/FAQView.aspx?Id=109 attempt=1
2026-08-12 19:36:31,777 [INFO] scraper.supplementary: GET https://www.rbi.org.in/Scripts/FAQView.aspx?Id=49 attempt=1
2026-08-12 19:36:33,631 [INFO] scraper.supplementary: GET https://www.rbi.org.in/Scripts/FAQView.aspx?Id=121 attempt=1
2026-08-12 19:36:35,488 [INFO] scraper.supplementary: GET https://www.rbi.org.in/Scripts/FAQView.aspx?Id=99 attempt=1
2026-08-12 19:36:37,366 [INFO] scraper.supplementary: GET https://www.rbi.org.in/Scripts/FAQView.aspx?Id=93 attempt=1
2026-08-12 19:36:39,243 [INFO] scraper.supplementary: GET https://www.rbi.org.in/Scripts/FAQView.aspx?Id=91 attempt=1
2026-08-12 19:36:41,192 [INFO] scraper.supplementary: GET https://www.rbi.org.in/Scripts/FAQView.aspx?Id=86 attempt=1
2026-08-12 19:36:43,062 [INFO] scraper.supplementary: GET https://www.rbi.org.in/Scripts/FAQView.aspx?Id=70 attempt=1
2026-08-12 19:36:45,066 [INFO] scraper.supplementary: GET https://www.rbi.org.in/Scripts/FAQView.aspx?Id=68 attempt=1
2026-08-12 19:36:46,968 [INFO] scraper.supplementary: GET https://www.rbi.org.in/Scripts/FAQView.aspx?Id=173 attempt=1
2026-08-12 19:36:48,985 [INFO] scraper.supplementary: GET https://www.rbi.org.in/Scripts/FAQView.aspx?Id=110 attempt=1
2026-08-12 19:36:50,856 [INFO] scraper.supplementary: GET https://www.rbi.org.in/Scripts/FAQView.aspx?Id=166 attempt=1
2026-08-12 19:36:52,916 [INFO] scraper.supplementary: GET https://www.rbi.org.in/Scripts/FAQView.aspx?Id=165 attempt=1
2026-08-12 19:36:54,809 [INFO] scraper.supplementary: GET https://www.rbi.org.in/Scripts/FAQView.aspx?Id=164 attempt=1
2026-08-12 19:36:56,808 [INFO] scraper.supplementary: GET https://www.rbi.org.in/Scripts/FAQView.aspx?Id=137 attempt=1
2026-08-12 19:36:58,745 [INFO] scraper.supplementary: GET https://www.rbi.org.in/Scripts/FAQView.aspx?Id=62 attempt=1
2026-08-12 19:37:00,516 [INFO] scraper.supplementary: GET https://www.rbi.org.in/Scripts/FAQView.aspx?Id=104 attempt=1
2026-08-12 19:37:02,327 [INFO] scraper.supplementary: GET https://www.rbi.org.in/Scripts/FAQView.aspx?Id=105 attempt=1
2026-08-12 19:37:04,127 [INFO] scraper.supplementary: GET https://www.rbi.org.in/Scripts/FAQView.aspx?Id=94 attempt=1
2026-08-12 19:37:06,245 [INFO] scraper.supplementary: GET https://www.rbi.org.in/Scripts/FAQView.aspx?Id=83 attempt=1
2026-08-12 19:37:08,101 [INFO] scraper.supplementary: GET https://www.rbi.org.in/Scripts/FAQView.aspx?Id=148 attempt=1
2026-08-12 19:37:08,501 [INFO] scraper.supplementary: Supplementary faq downloaded/cached=35
2026-08-12 19:37:10,003 [INFO] scraper.supplementary: GET https://www.rbi.org.in/Scripts/BS_PressReleaseDisplay.aspx attempt=1
2026-08-12 19:37:10,469 [INFO] scraper.supplementary: Discovered 79 links for enforcement
2026-08-12 19:37:11,938 [INFO] scraper.supplementary: GET https://www.rbi.org.in/scripts/BS_PressReleaseDisplay.aspx attempt=1
2026-08-12 19:37:13,676 [INFO] scraper.supplementary: GET https://www.rbi.org.in/Scripts/BS_PressReleaseDisplay.aspx attempt=1
2026-08-12 19:37:15,205 [INFO] scraper.supplementary: GET https://www.rbi.org.in/Scripts/BS_PressReleaseDisplay.aspx?prid=63357 attempt=1
2026-08-12 19:37:17,125 [INFO] scraper.supplementary: GET https://www.rbi.org.in/Scripts/BS_PressReleaseDisplay.aspx?prid=63356 attempt=1
2026-08-12 19:37:19,050 [INFO] scraper.supplementary: GET https://www.rbi.org.in/Scripts/BS_PressReleaseDisplay.aspx?prid=63355 attempt=1
2026-08-12 19:37:22,219 [INFO] scraper.supplementary: GET https://www.rbi.org.in/Scripts/BS_PressReleaseDisplay.aspx?prid=63354 attempt=1
2026-08-12 19:37:24,133 [INFO] scraper.supplementary: GET https://www.rbi.org.in/Scripts/BS_PressReleaseDisplay.aspx?prid=63353 attempt=1
2026-08-12 19:37:26,151 [INFO] scraper.supplementary: GET https://www.rbi.org.in/Scripts/BS_PressReleaseDisplay.aspx?prid=63352 attempt=1
2026-08-12 19:37:28,043 [INFO] scraper.supplementary: GET https://www.rbi.org.in/Scripts/BS_PressReleaseDisplay.aspx?prid=63351 attempt=1
2026-08-12 19:37:29,960 [INFO] scraper.supplementary: GET https://www.rbi.org.in/Scripts/BS_PressReleaseDisplay.aspx?prid=63350 attempt=1
2026-08-12 19:37:31,899 [INFO] scraper.supplementary: GET https://www.rbi.org.in/Scripts/BS_PressReleaseDisplay.aspx?prid=63349 attempt=1
2026-08-12 19:37:33,829 [INFO] scraper.supplementary: GET https://www.rbi.org.in/Scripts/BS_PressReleaseDisplay.aspx?prid=63348 attempt=1
2026-08-12 19:37:35,741 [INFO] scraper.supplementary: GET https://www.rbi.org.in/Scripts/BS_PressReleaseDisplay.aspx?prid=63347 attempt=1
2026-08-12 19:37:37,610 [INFO] scraper.supplementary: GET https://www.rbi.org.in/Scripts/BS_PressReleaseDisplay.aspx?prid=63346 attempt=1
2026-08-12 19:37:39,542 [INFO] scraper.supplementary: GET https://www.rbi.org.in/Scripts/BS_PressReleaseDisplay.aspx?prid=63345 attempt=1
2026-08-12 19:37:41,459 [INFO] scraper.supplementary: GET https://www.rbi.org.in/Scripts/BS_PressReleaseDisplay.aspx?prid=63344 attempt=1
2026-08-12 19:37:43,392 [INFO] scraper.supplementary: GET https://www.rbi.org.in/Scripts/BS_PressReleaseDisplay.aspx?prid=63343 attempt=1
2026-08-12 19:37:45,421 [INFO] scraper.supplementary: GET https://www.rbi.org.in/Scripts/BS_PressReleaseDisplay.aspx?prid=63342 attempt=1
2026-08-12 19:37:47,373 [INFO] scraper.supplementary: GET https://www.rbi.org.in/Scripts/BS_PressReleaseDisplay.aspx?prid=63341 attempt=1
2026-08-12 19:37:49,324 [INFO] scraper.supplementary: GET https://www.rbi.org.in/Scripts/BS_PressReleaseDisplay.aspx?prid=63340 attempt=1
2026-08-12 19:37:51,263 [INFO] scraper.supplementary: GET https://www.rbi.org.in/Scripts/BS_PressReleaseDisplay.aspx?prid=63339 attempt=1
2026-08-12 19:37:53,235 [INFO] scraper.supplementary: GET https://www.rbi.org.in/Scripts/BS_PressReleaseDisplay.aspx?prid=63338 attempt=1
2026-08-12 19:37:55,192 [INFO] scraper.supplementary: GET https://www.rbi.org.in/Scripts/BS_PressReleaseDisplay.aspx?prid=63337 attempt=1
2026-08-12 19:37:57,150 [INFO] scraper.supplementary: GET https://www.rbi.org.in/Scripts/BS_PressReleaseDisplay.aspx?prid=63336 attempt=1
2026-08-12 19:37:59,100 [INFO] scraper.supplementary: GET https://www.rbi.org.in/Scripts/BS_PressReleaseDisplay.aspx?prid=63335 attempt=1
2026-08-12 19:38:01,050 [INFO] scraper.supplementary: GET https://www.rbi.org.in/Scripts/BS_PressReleaseDisplay.aspx?prid=63334 attempt=1
2026-08-12 19:38:03,035 [INFO] scraper.supplementary: GET https://www.rbi.org.in/Scripts/BS_PressReleaseDisplay.aspx?prid=63333 attempt=1
2026-08-12 19:38:04,972 [INFO] scraper.supplementary: GET https://www.rbi.org.in/Scripts/BS_PressReleaseDisplay.aspx?prid=63332 attempt=1
2026-08-12 19:38:07,051 [INFO] scraper.supplementary: GET https://www.rbi.org.in/Scripts/BS_PressReleaseDisplay.aspx?prid=63331 attempt=1
2026-08-12 19:38:09,118 [INFO] scraper.supplementary: GET https://www.rbi.org.in/Scripts/BS_PressReleaseDisplay.aspx?prid=63330 attempt=1
2026-08-12 19:38:11,093 [INFO] scraper.supplementary: GET https://www.rbi.org.in/Scripts/BS_PressReleaseDisplay.aspx?prid=63329 attempt=1
2026-08-12 19:38:13,054 [INFO] scraper.supplementary: GET https://www.rbi.org.in/Scripts/BS_PressReleaseDisplay.aspx?prid=63328 attempt=1
2026-08-12 19:38:15,083 [INFO] scraper.supplementary: GET https://www.rbi.org.in/Scripts/BS_PressReleaseDisplay.aspx?prid=63327 attempt=1
2026-08-12 19:38:17,051 [INFO] scraper.supplementary: GET https://www.rbi.org.in/Scripts/BS_PressReleaseDisplay.aspx?prid=63326 attempt=1
2026-08-12 19:38:18,995 [INFO] scraper.supplementary: GET https://www.rbi.org.in/Scripts/BS_PressReleaseDisplay.aspx?prid=63325 attempt=1
2026-08-12 19:38:19,460 [INFO] scraper.supplementary: Supplementary enforcement downloaded/cached=35
2026-08-12 19:38:20,963 [INFO] scraper.supplementary: GET https://www.rbi.org.in/Scripts/BS_CircularsIndexDisplay.aspx attempt=1
2026-08-12 19:38:21,241 [INFO] scraper.supplementary: Discovered 5 links for circulars_withdrawn
2026-08-12 19:38:22,735 [INFO] scraper.supplementary: GET https://www.rbi.org.in/scripts/NotificationUser.aspx attempt=1
2026-08-12 19:38:24,435 [INFO] scraper.supplementary: GET https://www.rbi.org.in/scripts/BS_ViewMasterCirculardetails.aspx attempt=1
2026-08-12 19:38:25,960 [INFO] scraper.supplementary: GET https://www.rbi.org.in/scripts/DraftNotificationsGuildelines.aspx attempt=1
2026-08-12 19:38:27,700 [INFO] scraper.supplementary: GET https://www.rbi.org.in/scripts/BS_CircularIndexDisplay.aspx attempt=1
2026-08-12 19:38:29,230 [INFO] scraper.supplementary: GET https://www.rbi.org.in/scripts/NotificationUserWithdrawnCircular.aspx attempt=1
2026-08-12 19:38:29,386 [INFO] scraper.supplementary: Supplementary circulars_withdrawn downloaded/cached=5
2026-08-12 19:38:30,884 [INFO] scraper.supplementary: GET https://www.rbi.org.in/Scripts/NotificationUser.aspx attempt=1
2026-08-12 19:38:31,138 [INFO] scraper.supplementary: Discovered 44 links for amendments
2026-08-12 19:38:32,612 [INFO] scraper.supplementary: GET https://www.rbi.org.in/scripts/Fs_AmendmentDirections.aspx attempt=1
2026-08-12 19:38:34,431 [INFO] scraper.supplementary: GET https://www.rbi.org.in/Scripts/NotificationUser.aspx?Id=13674&Mode=0 attempt=1
2026-08-12 19:38:36,241 [INFO] scraper.supplementary: GET https://www.rbi.org.in/Scripts/NotificationUser.aspx?Id=13673&Mode=0 attempt=1
2026-08-12 19:38:38,203 [INFO] scraper.supplementary: GET https://www.rbi.org.in/Scripts/NotificationUser.aspx?Id=13672&Mode=0 attempt=1
2026-08-12 19:38:40,230 [INFO] scraper.supplementary: GET https://www.rbi.org.in/Scripts/NotificationUser.aspx?Id=13671&Mode=0 attempt=1
2026-08-12 19:38:42,241 [INFO] scraper.supplementary: GET https://www.rbi.org.in/Scripts/NotificationUser.aspx?Id=13670&Mode=0 attempt=1
2026-08-12 19:38:44,302 [INFO] scraper.supplementary: GET https://www.rbi.org.in/Scripts/NotificationUser.aspx?Id=13669&Mode=0 attempt=1
2026-08-12 19:38:46,350 [INFO] scraper.supplementary: GET https://www.rbi.org.in/Scripts/NotificationUser.aspx?Id=13668&Mode=0 attempt=1
2026-08-12 19:38:48,325 [INFO] scraper.supplementary: GET https://www.rbi.org.in/Scripts/NotificationUser.aspx?Id=13667&Mode=0 attempt=1
2026-08-12 19:38:50,190 [INFO] scraper.supplementary: GET https://www.rbi.org.in/Scripts/NotificationUser.aspx?Id=13666&Mode=0 attempt=1
2026-08-12 19:38:52,088 [INFO] scraper.supplementary: GET https://www.rbi.org.in/Scripts/NotificationUser.aspx?Id=13665&Mode=0 attempt=1
2026-08-12 19:38:54,076 [INFO] scraper.supplementary: GET https://www.rbi.org.in/Scripts/NotificationUser.aspx?Id=13664&Mode=0 attempt=1
2026-08-12 19:38:55,992 [INFO] scraper.supplementary: GET https://www.rbi.org.in/Scripts/NotificationUser.aspx?Id=13661&Mode=0 attempt=1
2026-08-12 19:38:57,841 [INFO] scraper.supplementary: GET https://www.rbi.org.in/Scripts/NotificationUser.aspx?Id=13660&Mode=0 attempt=1
2026-08-12 19:38:59,860 [INFO] scraper.supplementary: GET https://www.rbi.org.in/Scripts/NotificationUser.aspx?Id=13659&Mode=0 attempt=1
2026-08-12 19:39:01,808 [INFO] scraper.supplementary: GET https://www.rbi.org.in/Scripts/NotificationUser.aspx?Id=13658&Mode=0 attempt=1
2026-08-12 19:39:03,678 [INFO] scraper.supplementary: GET https://www.rbi.org.in/Scripts/NotificationUser.aspx?Id=13657&Mode=0 attempt=1
2026-08-12 19:39:05,697 [INFO] scraper.supplementary: GET https://www.rbi.org.in/Scripts/NotificationUser.aspx?Id=13656&Mode=0 attempt=1
2026-08-12 19:39:07,595 [INFO] scraper.supplementary: GET https://www.rbi.org.in/Scripts/NotificationUser.aspx?Id=13655&Mode=0 attempt=1
2026-08-12 19:39:09,455 [INFO] scraper.supplementary: GET https://www.rbi.org.in/Scripts/NotificationUser.aspx?Id=13654&Mode=0 attempt=1
2026-08-12 19:39:11,362 [INFO] scraper.supplementary: GET https://www.rbi.org.in/Scripts/NotificationUser.aspx?Id=13653&Mode=0 attempt=1
2026-08-12 19:39:13,475 [INFO] scraper.supplementary: GET https://www.rbi.org.in/Scripts/NotificationUser.aspx?Id=13652&Mode=0 attempt=1
2026-08-12 19:39:20,145 [INFO] scraper.supplementary: GET https://www.rbi.org.in/Scripts/NotificationUser.aspx?Id=13651&Mode=0 attempt=1
2026-08-12 19:39:22,458 [INFO] scraper.supplementary: GET https://www.rbi.org.in/Scripts/NotificationUser.aspx?Id=13650&Mode=0 attempt=1
2026-08-12 19:39:24,308 [INFO] scraper.supplementary: GET https://www.rbi.org.in/Scripts/NotificationUser.aspx?Id=13649&Mode=0 attempt=1
2026-08-12 19:39:26,290 [INFO] scraper.supplementary: GET https://www.rbi.org.in/Scripts/NotificationUser.aspx?Id=13648&Mode=0 attempt=1
2026-08-12 19:39:28,242 [INFO] scraper.supplementary: GET https://www.rbi.org.in/Scripts/NotificationUser.aspx?Id=13647&Mode=0 attempt=1
2026-08-12 19:39:30,173 [INFO] scraper.supplementary: GET https://www.rbi.org.in/Scripts/NotificationUser.aspx?Id=13646&Mode=0 attempt=1
2026-08-12 19:39:32,050 [INFO] scraper.supplementary: GET https://www.rbi.org.in/Scripts/NotificationUser.aspx?Id=13580&Mode=0 attempt=1
2026-08-12 19:39:33,989 [INFO] scraper.supplementary: GET https://www.rbi.org.in/Scripts/NotificationUser.aspx?Id=13579&Mode=0 attempt=1
2026-08-12 19:39:35,857 [INFO] scraper.supplementary: GET https://www.rbi.org.in/Scripts/NotificationUser.aspx?Id=13578&Mode=0 attempt=1
2026-08-12 19:39:37,811 [INFO] scraper.supplementary: GET https://www.rbi.org.in/Scripts/NotificationUser.aspx?Id=13577&Mode=0 attempt=1
2026-08-12 19:39:39,872 [INFO] scraper.supplementary: GET https://www.rbi.org.in/Scripts/NotificationUser.aspx?Id=13576&Mode=0 attempt=1
2026-08-12 19:39:41,783 [INFO] scraper.supplementary: GET https://www.rbi.org.in/Scripts/NotificationUser.aspx?Id=13575&Mode=0 attempt=1
2026-08-12 19:39:43,641 [INFO] scraper.supplementary: GET https://www.rbi.org.in/Scripts/NotificationUser.aspx?Id=13574&Mode=0 attempt=1
2026-08-12 19:39:44,060 [INFO] scraper.supplementary: Supplementary amendments downloaded/cached=35
2026-08-12 19:39:46,379 [INFO] scraper.supplementary: GET https://www.rbi.org.in/Scripts/FAQView.aspx attempt=1
2026-08-12 19:39:46,769 [INFO] scraper.supplementary: Discovered 91 links for faq
2026-08-12 19:39:48,259 [INFO] scraper.supplementary: GET https://www.rbi.org.in/Scripts/FAQView.aspx?Id=92 attempt=1
2026-08-12 19:39:50,141 [INFO] scraper.supplementary: GET https://www.rbi.org.in/Scripts/FAQView.aspx?Id=87 attempt=1
2026-08-12 19:39:52,254 [INFO] scraper.supplementary: GET https://www.rbi.org.in/Scripts/FAQView.aspx?Id=84 attempt=1
2026-08-12 19:39:54,195 [INFO] scraper.supplementary: GET https://www.rbi.org.in/Scripts/FAQView.aspx?Id=150 attempt=1
2026-08-12 19:39:56,010 [INFO] scraper.supplementary: GET https://www.rbi.org.in/Scripts/FAQView.aspx?Id=77 attempt=1
2026-08-12 19:39:56,452 [INFO] scraper.supplementary: Supplementary faq downloaded/cached=40
2026-08-12 19:39:57,956 [INFO] scraper.supplementary: GET https://www.rbi.org.in/Scripts/BS_PressReleaseDisplay.aspx attempt=1
2026-08-12 19:39:58,362 [INFO] scraper.supplementary: Discovered 79 links for enforcement
2026-08-12 19:39:59,832 [INFO] scraper.supplementary: GET https://www.rbi.org.in/Scripts/BS_PressReleaseDisplay.aspx?prid=63324 attempt=1
2026-08-12 19:40:01,782 [INFO] scraper.supplementary: GET https://www.rbi.org.in/Scripts/BS_PressReleaseDisplay.aspx?prid=63323 attempt=1
2026-08-12 19:40:03,721 [INFO] scraper.supplementary: GET https://www.rbi.org.in/Scripts/BS_PressReleaseDisplay.aspx?prid=63322 attempt=1
2026-08-12 19:40:05,644 [INFO] scraper.supplementary: GET https://www.rbi.org.in/Scripts/BS_PressReleaseDisplay.aspx?prid=63321 attempt=1
2026-08-12 19:40:07,544 [INFO] scraper.supplementary: GET https://www.rbi.org.in/Scripts/BS_PressReleaseDisplay.aspx?prid=63320 attempt=1
2026-08-12 19:40:07,976 [INFO] scraper.supplementary: Supplementary enforcement downloaded/cached=40
2026-08-12 19:40:09,480 [INFO] scraper.supplementary: GET https://www.rbi.org.in/Scripts/BS_CircularsIndexDisplay.aspx attempt=1
2026-08-12 19:40:09,755 [INFO] scraper.supplementary: Discovered 5 links for circulars_withdrawn
2026-08-12 19:40:09,760 [INFO] scraper.supplementary: Supplementary circulars_withdrawn downloaded/cached=5
2026-08-12 19:40:11,250 [INFO] scraper.supplementary: GET https://www.rbi.org.in/Scripts/NotificationUser.aspx attempt=1
2026-08-12 19:40:11,600 [INFO] scraper.supplementary: Discovered 44 links for amendments
2026-08-12 19:40:13,071 [INFO] scraper.supplementary: GET https://www.rbi.org.in/Scripts/NotificationUser.aspx?Id=13573&Mode=0 attempt=1
2026-08-12 19:40:14,859 [INFO] scraper.supplementary: GET https://www.rbi.org.in/Scripts/NotificationUser.aspx?Id=13572&Mode=0 attempt=1
2026-08-12 19:40:16,659 [INFO] scraper.supplementary: GET https://www.rbi.org.in/Scripts/NotificationUser.aspx?Id=13571&Mode=0 attempt=1
2026-08-12 19:40:18,493 [INFO] scraper.supplementary: GET https://www.rbi.org.in/Scripts/NotificationUser.aspx?Id=13570&Mode=0 attempt=1
2026-08-12 19:40:20,433 [INFO] scraper.supplementary: GET https://www.rbi.org.in/Scripts/NotificationUser.aspx?Id=13569&Mode=0 attempt=1
2026-08-12 19:40:20,887 [INFO] scraper.supplementary: Supplementary amendments downloaded/cached=40
2026-08-12 20:00:51,136 [INFO] scraper.supplementary: GET https://www.rbi.org.in/Scripts/FAQView.aspx attempt=1
2026-08-12 20:00:51,749 [INFO] scraper.supplementary: Discovered 91 links for faq
2026-08-12 20:00:51,765 [INFO] scraper.supplementary: Supplementary faq downloaded/cached=35
2026-08-12 20:00:53,240 [INFO] scraper.supplementary: GET https://www.rbi.org.in/Scripts/BS_PressReleaseDisplay.aspx attempt=1
2026-08-12 20:00:53,686 [INFO] scraper.supplementary: Discovered 79 links for enforcement
2026-08-12 20:00:53,698 [INFO] scraper.supplementary: Supplementary enforcement downloaded/cached=35
2026-08-12 20:00:55,154 [INFO] scraper.supplementary: GET https://www.rbi.org.in/Scripts/BS_CircularsIndexDisplay.aspx attempt=1
2026-08-12 20:00:55,325 [INFO] scraper.supplementary: Discovered 5 links for circulars_withdrawn
2026-08-12 20:00:55,329 [INFO] scraper.supplementary: Supplementary circulars_withdrawn downloaded/cached=5
2026-08-12 20:00:56,829 [INFO] scraper.supplementary: GET https://www.rbi.org.in/Scripts/NotificationUser.aspx attempt=1
2026-08-12 20:00:57,078 [INFO] scraper.supplementary: Discovered 44 links for amendments
2026-08-12 20:00:57,091 [INFO] scraper.supplementary: Supplementary amendments downloaded/cached=35
2026-08-12 20:13:04,872 [INFO] scraper.supplementary: GET https://www.rbi.org.in/Scripts/FAQView.aspx attempt=1
2026-08-12 20:13:05,508 [INFO] scraper.supplementary: Discovered 91 links for faq
2026-08-12 20:13:05,527 [INFO] scraper.supplementary: Supplementary faq downloaded/cached=40
2026-08-12 20:13:06,995 [INFO] scraper.supplementary: GET https://www.rbi.org.in/Scripts/BS_PressReleaseDisplay.aspx attempt=1
2026-08-12 20:13:07,557 [INFO] scraper.supplementary: Discovered 79 links for enforcement
2026-08-12 20:13:07,572 [INFO] scraper.supplementary: Supplementary enforcement downloaded/cached=40
2026-08-12 20:13:09,029 [INFO] scraper.supplementary: GET https://www.rbi.org.in/Scripts/BS_CircularsIndexDisplay.aspx attempt=1
2026-08-12 20:13:09,265 [INFO] scraper.supplementary: Discovered 5 links for circulars_withdrawn
2026-08-12 20:13:09,270 [INFO] scraper.supplementary: Supplementary circulars_withdrawn downloaded/cached=5
2026-08-12 20:13:10,755 [INFO] scraper.supplementary: GET https://www.rbi.org.in/Scripts/NotificationUser.aspx attempt=1
2026-08-12 20:13:11,119 [INFO] scraper.supplementary: Discovered 44 links for amendments
2026-08-12 20:13:11,134 [INFO] scraper.supplementary: Supplementary amendments downloaded/cached=40
